00:00 +0: loading C:/Users/techn/StudioProjects/CopyClip/test/features/todos/services/todo_scheduler_service_test.dart
00:00 +0: (setUpAll)
00:00 +0: completeTodo simple toggle
00:00 +0 -1: completeTodo simple toggle [E]
  Binding has not yet been initialized.
  The "instance" getter on the ServicesBinding binding mixin is only available once that binding has been initialized.
  Typically, this is done by calling "WidgetsFlutterBinding.ensureInitialized()" or "runApp()" (the latter calls the former). Typically this call is done in the "void main()" method. The "ensureInitialized" method is idempotent; calling it multiple times is not harmful. After calling that method, the "instance" getter will return the binding.
  In a test, one can call "TestWidgetsFlutterBinding.ensureInitialized()" as the first line in the test's "main()" method to initialize the binding.
  If ServicesBinding is a custom binding mixin, there must also be a custom binding class, like WidgetsFlutterBinding, but that mixes in the selected binding, and that is the class that must be constructed before using the "instance" getter.
  package:flutter/src/foundation/binding.dart 314:9                                         BindingBase.checkInstance.<fn>
  package:flutter/src/foundation/binding.dart 401:6                                         BindingBase.checkInstance
  package:flutter/src/services/binding.dart 73:54                                           ServicesBinding.instance
  package:flutter/src/services/platform_channel.dart 181:25                                 _findBinaryMessenger
  package:flutter/src/services/platform_channel.dart 322:56                                 MethodChannel.binaryMessenger
  package:flutter/src/services/platform_channel.dart 363:21                                 MethodChannel._invokeMethod
  package:flutter/src/services/platform_channel.dart 543:12                                 MethodChannel.invokeMethod
  package:flutter_local_notifications/src/platform_flutter_local_notifications.dart 410:21  AndroidFlutterLocalNotificationsPlugin.cancel
  package:flutter_local_notifications/src/flutter_local_notifications_plugin.dart 279:13    FlutterLocalNotificationsPlugin.cancel
  package:copyclip/src/core/services/notification_service.dart 176:43                       NotificationService.cancelNotification
  package:copyclip/src/features/todos/services/todo_scheduler_service.dart 171:21           TodoSchedulerService._updateNotifications
  package:copyclip/src/features/todos/services/todo_scheduler_service.dart 41:11            TodoSchedulerService.completeTodo
  test\features\todos\services\todo_scheduler_service_test.dart 58:28                       main.<fn>
  
00:00 +0 -1: completeTodo recurrence daily
≡ƒöä Auto-scheduled next instance: Daily Task for 2026-01-22 18:48:26.245538
00:00 +0 -2: completeTodo recurrence daily [E]
  Binding has not yet been initialized.
  The "instance" getter on the ServicesBinding binding mixin is only available once that binding has been initialized.
  Typically, this is done by calling "WidgetsFlutterBinding.ensureInitialized()" or "runApp()" (the latter calls the former). Typically this call is done in the "void main()" method. The "ensureInitialized" method is idempotent; calling it multiple times is not harmful. After calling that method, the "instance" getter will return the binding.
  In a test, one can call "TestWidgetsFlutterBinding.ensureInitialized()" as the first line in the test's "main()" method to initialize the binding.
  If ServicesBinding is a custom binding mixin, there must also be a custom binding class, like WidgetsFlutterBinding, but that mixes in the selected binding, and that is the class that must be constructed before using the "instance" getter.
  package:flutter/src/foundation/binding.dart 314:9                                         BindingBase.checkInstance.<fn>
  package:flutter/src/foundation/binding.dart 401:6                                         BindingBase.checkInstance
  package:flutter/src/services/binding.dart 73:54                                           ServicesBinding.instance
  package:flutter/src/services/platform_channel.dart 181:25                                 _findBinaryMessenger
  package:flutter/src/services/platform_channel.dart 322:56                                 MethodChannel.binaryMessenger
  package:flutter/src/services/platform_channel.dart 363:21                                 MethodChannel._invokeMethod
  package:flutter/src/services/platform_channel.dart 543:12                                 MethodChannel.invokeMethod
  package:flutter_local_notifications/src/platform_flutter_local_notifications.dart 410:21  AndroidFlutterLocalNotificationsPlugin.cancel
  package:flutter_local_notifications/src/flutter_local_notifications_plugin.dart 279:13    FlutterLocalNotificationsPlugin.cancel
  package:copyclip/src/core/services/notification_service.dart 176:43                       NotificationService.cancelNotification
  package:copyclip/src/features/todos/services/todo_scheduler_service.dart 171:21           TodoSchedulerService._updateNotifications
  package:copyclip/src/features/todos/services/todo_scheduler_service.dart 41:11            TodoSchedulerService.completeTodo
  
00:00 +0 -2: completeTodo undo (uncheck)
Γå⌐∩╕Å Undo: Deleted future instance future_1
00:00 +1 -2: (tearDownAll)
00:00 +1 -2: Some tests failed.
